C51 COMPILER V9.60.7.0   BEEP                                                              05/25/2025 23:18:20 PAGE 1   


C51 COMPILER V9.60.7.0, COMPILATION OF MODULE BEEP
OBJECT MODULE PLACED IN .\Objects\beep.obj
COMPILER INVOKED BY: D:\mcu\Keil_v5\C51\BIN\C51.EXE bsp\beep\beep.c OPTIMIZE(8,SPEED) BROWSE INCDIR(.\main;.\system;.\bs
                    -p\beep;.\bsp\eeprom;.\bsp\oled;.\bsp\encoder;.\bsp\timer0) DEBUG OBJECTEXTEND PRINT(.\Listings\beep.lst) TABS(2) OBJECT(
                    -.\Objects\beep.obj)

line level    source

   1          #include "beep.h"
   2          #include "uart.h"
   3          
   4          // 设置 P3.1 为推挽输出 + 映射 CCP0 到 P3.1
   5          void Buzzer_Pin_Init(void)
   6          {
   7   1          P3M1 &= ~(1 << 1);
   8   1          P3M0 |=  (1 << 1);     // P3.1 推挽输出
   9   1          P_SW1 |= 0x10;         // 映射 CCP0 -> CCP0_2 (P3.1)
  10   1      }
  11          
  12          // 初始化 PWM 输出：PCA + PWM 模块0（CCP0）
  13          void PWM_Init(void)
  14          {
  15   1          CCON = 0x00;           // PCA 控制清空
  16   1          CMOD = 0x00;           // PCA时钟 = 系统时钟 / 128
  17   1          CL = 0x00;             // 清空 PCA 计数器
  18   1          CH = 0x00;
  19   1      
  20   1          CCAPM0 = 0x42;         // 模块0: PWM 模式 + 比较使能
  21   1          PCA_PWM0 = 0x00;       // 8位PWM
  22   1          CR = 1;                // 启动 PCA
  23   1      }
  24          
  25          // 设置蜂鸣器输出频率和音量
  26          // freq: 频率（Hz），volume: 占空比（1~99，百分比）
  27          void Buzzer_Set(uint16_t freq, uint8_t volume)
  28          {
  29   1          uint32_t pwm_clk = FOSC / 128;  // PCA 使用 FOSC/128
  30   1          uint32_t period;
  31   1          uint8_t duty;
  32   1      
  33   1          if (freq == 0 || volume == 0) {
  34   2              CCAP0H = 0xFF;  // 占空比 0%（静音）
  35   2              CCAP0L = 0xFF;
  36   2              CR = 0;
  37   2              return;
  38   2          }
  39   1      
  40   1          period = pwm_clk / freq;
  41   1          if (period > 255) period = 255; // 超过8位限制
  42   1          if (period < 10)  period = 10;  // 防止频率过高
  43   1      
  44   1          PCA_PWM0 = 0x00;                // 8位 PWM 模式
  45   1          duty = (uint8_t)(period * (100 - volume) / 100);  // 比较值越小，占空比越高
  46   1      
  47   1          CCAP0H = duty;
  48   1          CCAP0L = duty;
  49   1          CR = 1;
  50   1      }
  51          
  52          
  53          // 播放单个音符
C51 COMPILER V9.60.7.0   BEEP                                                              05/25/2025 23:18:20 PAGE 2   

  54          void Beep_Note(uint16_t freq, uint8_t volume, uint16_t duration_ms)
  55          {
  56   1          Buzzer_Set(freq, volume);
  57   1          Delay_ms(duration_ms);
  58   1          Buzzer_Set(0, 0); // 关闭
  59   1          Delay_ms(10);      // 音符间隔
  60   1      }
  61          
  62          // 简单播放一段音乐（多音符）
  63          void Play_Melody(void)
  64          {
  65   1          // 简单 C调（do re mi so）
  66   1          Beep_Note(523, 90, 300);  // Do
  67   1          Beep_Note(587, 90, 300);  // Re
  68   1          Beep_Note(659, 90, 300);  // Mi
  69   1          Beep_Note(784, 90, 300);  // So
  70   1          Beep_Note(659, 90, 300);  // Mi
  71   1          Beep_Note(784, 90, 600);  // So
  72   1          Delay_ms(500);
  73   1      }
  74          


MODULE INFORMATION:   STATIC OVERLAYABLE
   CODE SIZE        =    283    ----
   CONSTANT SIZE    =   ----    ----
   XDATA SIZE       =   ----    ----
   PDATA SIZE       =   ----    ----
   DATA SIZE        =   ----      11
   IDATA SIZE       =   ----    ----
   BIT SIZE         =   ----    ----
END OF MODULE INFORMATION.


C51 COMPILATION COMPLETE.  0 WARNING(S),  0 ERROR(S)
