BL51 BANKED LINKER/LOCATER V6.22.4.0                                                    05/25/2025  23:43:03  PAGE 1


BL51 BANKED LINKER/LOCATER V6.22.4.0, INVOKED BY:
D:\MCU\KEIL_V5\C51\BIN\BL51.EXE .\Objects\STARTUP.obj, .\Objects\main.obj, .\Objects\uart.obj, .\Objects\delay.obj, .\Ob
>> jects\eeprom.obj, .\Objects\oled.obj, .\Objects\beep.obj, .\Objects\encoder.obj, .\Objects\timer0.obj TO .\Objects\te
>> st PRINT (.\Listings\test.m51) RAMSIZE (256) DISABLEWARNING (16)


MEMORY MODEL: SMALL


INPUT MODULES INCLUDED:
  .\Objects\STARTUP.obj (?C_STARTUP)
  .\Objects\main.obj (MAIN)
  .\Objects\uart.obj (UART)
  .\Objects\delay.obj (DELAY)
  .\Objects\eeprom.obj (EEPROM)
  .\Objects\oled.obj (OLED)
  .\Objects\beep.obj (BEEP)
  .\Objects\encoder.obj (ENCODER)
  .\Objects\timer0.obj (TIMER0)
  D:\MCU\KEIL_V5\C51\LIB\C51S.LIB (?C_INIT)
  D:\MCU\KEIL_V5\C51\LIB\C51S.LIB (?C?CLDPTR)
  D:\MCU\KEIL_V5\C51\LIB\C51S.LIB (?C?CLDOPTR)
  D:\MCU\KEIL_V5\C51\LIB\C51S.LIB (?C?IMUL)
  D:\MCU\KEIL_V5\C51\LIB\C51S.LIB (?C?UIDIV)
  D:\MCU\KEIL_V5\C51\LIB\C51S.LIB (?C?LMUL)
  D:\MCU\KEIL_V5\C51\LIB\C51S.LIB (?C?ULDIV)
  D:\MCU\KEIL_V5\C51\LIB\C51S.LIB (?C?ULCMP)
  D:\MCU\KEIL_V5\C51\LIB\C51S.LIB (PRINTF)
  D:\MCU\KEIL_V5\C51\LIB\C51S.LIB (?C?CSTPTR)
  D:\MCU\KEIL_V5\C51\LIB\C51S.LIB (?C?PLDIIDATA)
  D:\MCU\KEIL_V5\C51\LIB\C51S.LIB (?C?CCASE)


LINK MAP OF MODULE:  .\Objects\test (?C_STARTUP)


            TYPE    BASE      LENGTH    RELOCATION   SEGMENT NAME
            -----------------------------------------------------

            * * * * * * *   D A T A   M E M O R Y   * * * * * * *
            REG     0000H     0008H     ABSOLUTE     "REG BANK 0"
            DATA    0008H     0014H     UNIT         ?DT?PRINTF?PRINTF
            DATA    001CH     0003H     UNIT         ?DT?_UARTSENDSTR?UART
            DATA    001FH     0001H     UNIT         ?DT?_OLED_COLORTURN?OLED
            BIT     0020H.0   0001H.1   UNIT         ?BI?PRINTF?PRINTF
            BIT     0021H.1   0000H.1   UNIT         ?BI?UART
            BIT     0021H.2   0000H.1   UNIT         ?BI?ENCODER
                    0021H.3   0000H.5                *** GAP ***
            DATA    0022H     0012H     UNIT         ?DT?UART
            DATA    0034H     0010H     UNIT         ?DT?OLED
            DATA    0044H     000BH     UNIT         ?DT?_OLED_DRAWBMP?OLED
            DATA    004FH     000AH     UNIT         ?DT?_OLED_SHOWCHAR?OLED
            DATA    0059H     000AH     UNIT         ?DT?_OLED_SHOWNUM?OLED
            DATA    0063H     0009H     UNIT         ?DT?_BUZZER_SET?BEEP
            DATA    006CH     0008H     UNIT         ?DT?_OLED_SHOWCHINESE?OLED
            DATA    0074H     0008H     UNIT         ?DT?ENCODER
            DATA    007CH     0002H     UNIT         ?DT?MAIN
            DATA    007EH     0002H     UNIT         ?DT?_BEEP_NOTE?BEEP
BL51 BANKED LINKER/LOCATER V6.22.4.0                                                  05/25/2025  23:43:03  PAGE 2


            IDATA   0080H     0001H     UNIT         ?STACK

            * * * * * * *   C O D E   M E M O R Y   * * * * * * *
            CODE    0000H     0003H     ABSOLUTE     
            CODE    0003H     0008H     UNIT         ?PR?_UARTSEND?UART
            CODE    000BH     0003H     ABSOLUTE     
            CODE    000EH     0015H     UNIT         ?PR?OLED_DISPLAY_ON?OLED
            CODE    0023H     0003H     ABSOLUTE     
            CODE    0026H     002DH     UNIT         ?PR?MAIN?MAIN
            CODE    0053H     0003H     ABSOLUTE     
            CODE    0056H     0BC7H     UNIT         ?CO?OLED
            CODE    0C1DH     0400H     UNIT         ?CO?MAIN
            CODE    101DH     035CH     UNIT         ?PR?PRINTF?PRINTF
            CODE    1379H     0223H     UNIT         ?C?LIB_CODE
            CODE    159CH     00E6H     UNIT         ?PR?_OLED_SHOWCHAR?OLED
            CODE    1682H     00E5H     UNIT         ?PR?_UPDATETIME?OLED
            CODE    1767H     00C3H     UNIT         ?PR?OLED_INIT?OLED
            CODE    182AH     00A1H     UNIT         ?PR?_BUZZER_SET?BEEP
            CODE    18CBH     008CH     UNIT         ?C_C51STARTUP
            CODE    1957H     008BH     UNIT         ?PR?_OLED_SHOWCHINESE?OLED
            CODE    19E2H     0089H     UNIT         ?PR?_OLED_SHOWNUM?OLED
            CODE    1A6BH     0068H     UNIT         ?PR?_OLED_DRAWBMP?OLED
            CODE    1AD3H     0049H     UNIT         ?PR?_OLED_SHOWSTRING?OLED
            CODE    1B1CH     0039H     UNIT         ?PR?PLAY_MELODY?BEEP
            CODE    1B55H     0036H     UNIT         ?PR?_OLED_WR_BYTE?OLED
            CODE    1B8BH     0034H     UNIT         ?PR?SHOWTIME?OLED
            CODE    1BBFH     002DH     UNIT         ?PR?UARTISR?UART
            CODE    1BECH     0028H     UNIT         ?PR?_IAPPROGRAM?EEPROM
            CODE    1C14H     0027H     UNIT         ?PR?_OLED_DISPLAYTURN?OLED
            CODE    1C3BH     0026H     UNIT         ?PR?_IAPERASE?EEPROM
            CODE    1C61H     0026H     UNIT         ?PR?_BEEP_NOTE?BEEP
            CODE    1C87H     0025H     UNIT         ?PR?GPIO_INIT?MAIN
            CODE    1CACH     0025H     UNIT         ?PR?_UARTSENDSTR?UART
            CODE    1CD1H     0024H     UNIT         ?PR?TIMER0_ISR?TIMER0
            CODE    1CF5H     0023H     UNIT         ?PR?_SEND_BYTE?OLED
            CODE    1D18H     0023H     UNIT         ?PR?OLED_CLEAR?OLED
            CODE    1D3BH     0022H     UNIT         ?PR?_OLED_SET_POS?OLED
            CODE    1D5DH     001BH     UNIT         ?PR?_IAPREAD?EEPROM
            CODE    1D78H     001AH     UNIT         ?PR?_DELAY_US?DELAY
            CODE    1D92H     0019H     UNIT         ?PR?_OLED_COLORTURN?OLED
            CODE    1DABH     0019H     UNIT         ?C_INITSEG
            CODE    1DC4H     0018H     UNIT         ?PR?UARTINIT?UART
            CODE    1DDCH     0018H     UNIT         ?PR?_DELAY_MS?DELAY
            CODE    1DF4H     0018H     UNIT         ?PR?_OLED_POW?OLED
            CODE    1E0CH     0014H     UNIT         ?PR?INT2_ISR?ENCODER
            CODE    1E20H     0011H     UNIT         ?PR?_IAPSAFEWRITE?EEPROM
            CODE    1E31H     0011H     UNIT         ?PR?PWM_INIT?BEEP
            CODE    1E42H     0011H     UNIT         ?PR?TIMER0_INIT?TIMER0
            CODE    1E53H     000FH     UNIT         ?PR?I2C_START?OLED
            CODE    1E62H     000FH     UNIT         ?PR?I2C_WAITACK?OLED
            CODE    1E71H     000EH     UNIT         ?PR?OLED_DISPLAY_OFF?OLED
            CODE    1E7FH     000DH     UNIT         ?PR?IAPIDLE?EEPROM
            CODE    1E8CH     000AH     UNIT         ?PR?I2C_STOP?OLED
            CODE    1E96H     000AH     UNIT         ?PR?BUZZER_PIN_INIT?BEEP
            CODE    1EA0H     0009H     UNIT         ?PR?IIC_DELAY?OLED
            CODE    1EA9H     0008H     UNIT         ?PR?_PUTCHAR?UART
            CODE    1EB1H     0004H     UNIT         ?PR?ENCODER_INIT?ENCODER
BL51 BANKED LINKER/LOCATER V6.22.4.0                                                  05/25/2025  23:43:03  PAGE 3





OVERLAY MAP OF MODULE:   .\Objects\test (?C_STARTUP)


SEGMENT
  +--> CALLED SEGMENT
---------------------
?C_C51STARTUP
  +--> ?PR?MAIN?MAIN
  +--> ?C_INITSEG

?PR?MAIN?MAIN
  +--> ?PR?GPIO_INIT?MAIN



IGNORED SEGMENTS:
   ?DT?_OLED_DISPLAYTURN?OLED
   ?DT?OLED_CLEAR?OLED
   ?DT?_OLED_POW?OLED
   ?DT?_OLED_SHOWSTRING?OLED
   ?DT?_UPDATETIME?OLED
   ?DT?TIMER0



IGNORED SYMBOLS:
   ?_OLED_SHOWSTRING?BYTE
   TIMER_FLAGE



SYMBOL TABLE OF MODULE:  .\Objects\test (?C_STARTUP)

  VALUE           TYPE          NAME
  ----------------------------------

  -------         MODULE        ?C_STARTUP
  C:18CBH         SEGMENT       ?C_C51STARTUP
  I:0080H         SEGMENT       ?STACK
  C:0000H         PUBLIC        ?C_STARTUP
  D:00E0H         SYMBOL        ACC
  D:00F0H         SYMBOL        B
  D:0083H         SYMBOL        DPH
  D:0082H         SYMBOL        DPL
  N:0000H         SYMBOL        IBPSTACK
  N:0100H         SYMBOL        IBPSTACKTOP
  N:0080H         SYMBOL        IDATALEN
  C:18CEH         SYMBOL        IDATALOOP
  N:0000H         SYMBOL        PBPSTACK
  N:0100H         SYMBOL        PBPSTACKTOP
  N:0000H         SYMBOL        PDATALEN
  N:0000H         SYMBOL        PDATASTART
  N:0000H         SYMBOL        PPAGE
  N:0000H         SYMBOL        PPAGEENABLE
BL51 BANKED LINKER/LOCATER V6.22.4.0                                                  05/25/2025  23:43:03  PAGE 4


  D:00A0H         SYMBOL        PPAGE_SFR
  D:0081H         SYMBOL        SP
  C:18CBH         SYMBOL        STARTUP1
  N:0000H         SYMBOL        XBPSTACK
  N:0000H         SYMBOL        XBPSTACKTOP
  N:0000H         SYMBOL        XDATALEN
  N:0000H         SYMBOL        XDATASTART
  C:0000H         LINE#         126
  C:18CBH         LINE#         133
  C:18CDH         LINE#         134
  C:18CEH         LINE#         135
  C:18CFH         LINE#         136
  C:18D1H         LINE#         185
  C:18D4H         LINE#         196
  -------         ENDMOD        ?C_STARTUP

  -------         MODULE        MAIN
  C:0000H         SYMBOL        _ICE_DUMMY_
  D:0080H         PUBLIC        P0
  D:00B2H         PUBLIC        P3M0
  D:0090H         PUBLIC        P1
  D:00B1H         PUBLIC        P3M1
  D:00A0H         PUBLIC        P2
  D:00CAH         PUBLIC        P5M0
  D:00B0H         PUBLIC        P3
  D:00C9H         PUBLIC        P5M1
  D:00C0H         PUBLIC        P4
  D:00C8H         PUBLIC        P5
  D:00E8H         PUBLIC        P6
  B:00A8H.7       PUBLIC        EA
  D:00F8H         PUBLIC        P7
  D:00F9H         PUBLIC        CH
  D:00A8H         PUBLIC        IE
  D:00E9H         PUBLIC        CL
  C:0C1DH         PUBLIC        BMP1
  D:00FAH         PUBLIC        CCAP0H
  D:00EAH         PUBLIC        CCAP0L
  B:00D8H.6       PUBLIC        CR
  D:00DAH         PUBLIC        CCAPM0
  D:00B8H         PUBLIC        IP
  D:007CH         PUBLIC        value
  D:00D9H         PUBLIC        CMOD
  D:00D8H         PUBLIC        CCON
  C:0026H         PUBLIC        main
  D:0098H         PUBLIC        SCON
  D:0088H         PUBLIC        TCON
  C:1C87H         PUBLIC        gpio_init
  D:00D0H         PUBLIC        PSW
  -------         PROC          GPIO_INIT
  C:1C87H         LINE#         12
  C:1C87H         LINE#         13
  C:1C87H         LINE#         15
  C:1C8AH         LINE#         16
  C:1C8DH         LINE#         19
  C:1C90H         LINE#         20
  C:1C93H         LINE#         23
  C:1C96H         LINE#         24
BL51 BANKED LINKER/LOCATER V6.22.4.0                                                  05/25/2025  23:43:03  PAGE 5


  C:1C99H         LINE#         27
  C:1C9CH         LINE#         28
  C:1C9FH         LINE#         31
  C:1CA2H         LINE#         32
  C:1CA5H         LINE#         35
  C:1CA8H         LINE#         36
  C:1CABH         LINE#         37
  -------         ENDPROC       GPIO_INIT
  -------         PROC          MAIN
  C:0026H         LINE#         40
  C:0026H         LINE#         41
  C:0026H         LINE#         43
  C:0029H         LINE#         54
  C:002CH         LINE#         55
  C:002FH         LINE#         56
  C:0031H         LINE#         57
  C:0033H         LINE#         58
  C:0036H         LINE#         59
  C:003BH         LINE#         60
  C:003EH         LINE#         61
  C:0042H         LINE#         62
  C:004DH         LINE#         63
  C:004FH         LINE#         64
  C:0051H         LINE#         65
  C:0051H         LINE#         66
  C:0051H         LINE#         101
  -------         ENDPROC       MAIN
  -------         ENDMOD        MAIN

  -------         MODULE        UART
  C:0000H         SYMBOL        _ICE_DUMMY_
  D:0080H         PUBLIC        P0
  D:0090H         PUBLIC        P1
  D:00A0H         PUBLIC        P2
  D:00B0H         PUBLIC        P3
  D:00C0H         PUBLIC        P4
  D:00C8H         PUBLIC        P5
  D:00E8H         PUBLIC        P6
  D:00F8H         PUBLIC        P7
  D:00A8H         PUBLIC        IE
  D:00B8H         PUBLIC        IP
  B:0098H.0       PUBLIC        RI
  B:0098H.1       PUBLIC        TI
  D:00D8H         PUBLIC        CCON
  C:0003H         PUBLIC        _UartSend
  D:0099H         PUBLIC        SBUF
  D:0098H         PUBLIC        SCON
  C:1DC4H         PUBLIC        UartInit
  D:0089H         PUBLIC        TMOD
  D:0088H         PUBLIC        TCON
  D:008EH         PUBLIC        AUXR
  B:0021H.1       PUBLIC        busy
  D:0022H         PUBLIC        rptr
  D:008DH         PUBLIC        TH1
  C:1BBFH         PUBLIC        UartIsr
  D:0023H         PUBLIC        wptr
  D:008BH         PUBLIC        TL1
BL51 BANKED LINKER/LOCATER V6.22.4.0                                                  05/25/2025  23:43:03  PAGE 6


  B:0088H.6       PUBLIC        TR1
  C:1CACH         PUBLIC        _UartSendStr
  D:00D0H         PUBLIC        PSW
  C:1EA9H         PUBLIC        _putchar
  D:0024H         PUBLIC        buffer
  -------         PROC          UARTINIT
  C:1DC4H         LINE#         12
  C:1DC4H         LINE#         13
  C:1DC4H         LINE#         15
  C:1DC7H         LINE#         16
  C:1DCAH         LINE#         17
  C:1DCDH         LINE#         18
  C:1DD0H         LINE#         19
  C:1DD2H         LINE#         20
  C:1DD5H         LINE#         21
  C:1DD7H         LINE#         22
  C:1DD9H         LINE#         23
  C:1DDBH         LINE#         24
  -------         ENDPROC       UARTINIT
  -------         PROC          _UARTSEND
  D:0007H         SYMBOL        dat
  C:0003H         LINE#         25
  C:0003H         LINE#         26
  C:0003H         LINE#         27
  C:0006H         LINE#         28
  C:0008H         LINE#         29
  C:000AH         LINE#         30
  -------         ENDPROC       _UARTSEND
  -------         PROC          _UARTSENDSTR
  D:001CH         SYMBOL        p
  C:1CACH         LINE#         31
  C:1CB2H         LINE#         32
  C:1CB2H         LINE#         33
  C:1CBDH         LINE#         34
  C:1CBDH         LINE#         35
  C:1CCEH         LINE#         36
  C:1CD0H         LINE#         37
  -------         ENDPROC       _UARTSENDSTR
  -------         PROC          UARTISR
  C:1BBFH         LINE#         40
  C:1BCAH         LINE#         42
  C:1BCDH         LINE#         43
  C:1BCDH         LINE#         44
  C:1BCFH         LINE#         45
  C:1BD1H         LINE#         46
  C:1BD1H         LINE#         47
  C:1BD4H         LINE#         48
  C:1BD4H         LINE#         49
  C:1BD6H         LINE#         50
  C:1BE0H         LINE#         51
  C:1BE3H         LINE#         52
  C:1BE3H         LINE#         53
  -------         ENDPROC       UARTISR
  -------         PROC          _PUTCHAR
  D:0007H         SYMBOL        ch
  C:1EA9H         LINE#         55
  C:1EA9H         LINE#         56
BL51 BANKED LINKER/LOCATER V6.22.4.0                                                  05/25/2025  23:43:03  PAGE 7


  C:1EA9H         LINE#         57
  C:1EABH         LINE#         58
  C:1EAEH         LINE#         59
  C:1EB0H         LINE#         60
  C:1EB0H         LINE#         61
  -------         ENDPROC       _PUTCHAR
  -------         ENDMOD        UART

  -------         MODULE        DELAY
  C:0000H         SYMBOL        _ICE_DUMMY_
  D:0080H         PUBLIC        P0
  D:0090H         PUBLIC        P1
  D:00A0H         PUBLIC        P2
  D:00B0H         PUBLIC        P3
  D:00C0H         PUBLIC        P4
  D:00C8H         PUBLIC        P5
  D:00E8H         PUBLIC        P6
  D:00F8H         PUBLIC        P7
  D:00A8H         PUBLIC        IE
  D:00B8H         PUBLIC        IP
  D:00D8H         PUBLIC        CCON
  C:1DDCH         PUBLIC        _Delay_ms
  D:0098H         PUBLIC        SCON
  D:0088H         PUBLIC        TCON
  C:1D78H         PUBLIC        _Delay_us
  D:00D0H         PUBLIC        PSW
  -------         PROC          _DELAY_US
  D:0006H         SYMBOL        us
  C:1D78H         LINE#         3
  C:1D78H         LINE#         4
  C:1D78H         LINE#         5
  C:1D82H         LINE#         6
  C:1D86H         LINE#         7
  C:1D8AH         LINE#         8
  C:1D8EH         LINE#         9
  C:1D8FH         LINE#         10
  C:1D91H         LINE#         11
  -------         ENDPROC       _DELAY_US
  -------         PROC          _DELAY_MS
  D:0002H         SYMBOL        ms
  C:1DDCH         LINE#         13
  C:1DE0H         LINE#         14
  C:1DE0H         LINE#         15
  C:1DEAH         LINE#         16
  C:1DF1H         LINE#         17
  C:1DF3H         LINE#         18
  -------         ENDPROC       _DELAY_MS
  -------         ENDMOD        DELAY

  -------         MODULE        EEPROM
  C:0000H         SYMBOL        _ICE_DUMMY_
  D:0080H         PUBLIC        P0
  D:0090H         PUBLIC        P1
  D:00A0H         PUBLIC        P2
  D:00B0H         PUBLIC        P3
  D:00C0H         PUBLIC        P4
  D:00C8H         PUBLIC        P5
BL51 BANKED LINKER/LOCATER V6.22.4.0                                                  05/25/2025  23:43:03  PAGE 8


  D:00E8H         PUBLIC        P6
  B:00A8H.7       PUBLIC        EA
  D:00F8H         PUBLIC        P7
  D:00A8H         PUBLIC        IE
  C:1C3BH         PUBLIC        _IapErase
  D:00C5H         PUBLIC        IAP_CMD
  D:00B8H         PUBLIC        IP
  C:1D5DH         PUBLIC        _IapRead
  C:1E7FH         SYMBOL        IapIdle
  D:00C3H         PUBLIC        IAP_ADDRH
  D:00D8H         PUBLIC        CCON
  D:00C4H         PUBLIC        IAP_ADDRL
  C:1E20H         PUBLIC        _IapSafeWrite
  D:00F5H         PUBLIC        IAP_TPS
  D:0098H         PUBLIC        SCON
  D:0088H         PUBLIC        TCON
  D:00C7H         PUBLIC        IAP_CONTR
  D:00C2H         PUBLIC        IAP_DATA
  D:00C6H         PUBLIC        IAP_TRIG
  C:1BECH         PUBLIC        _IapProgram
  D:00D0H         PUBLIC        PSW
  -------         PROC          IAPIDLE
  C:1E7FH         LINE#         4
  C:1E7FH         LINE#         5
  C:1E7FH         LINE#         6
  C:1E82H         LINE#         7
  C:1E84H         LINE#         8
  C:1E86H         LINE#         9
  C:1E89H         LINE#         10
  C:1E8BH         LINE#         11
  -------         ENDPROC       IAPIDLE
  -------         PROC          _IAPREAD
  D:0006H         SYMBOL        addr
  -------         DO            
  D:0007H         SYMBOL        dat
  -------         ENDDO         
  C:1D5DH         LINE#         13
  C:1D5DH         LINE#         14
  C:1D5DH         LINE#         16
  C:1D60H         LINE#         17
  C:1D63H         LINE#         18
  C:1D66H         LINE#         19
  C:1D68H         LINE#         20
  C:1D6CH         LINE#         21
  C:1D6FH         LINE#         22
  C:1D72H         LINE#         23
  C:1D73H         LINE#         24
  C:1D75H         LINE#         25
  -------         ENDPROC       _IAPREAD
  -------         PROC          _IAPPROGRAM
  D:0006H         SYMBOL        addr
  D:0005H         SYMBOL        dat
  -------         DO            
  D:0001H         SYMBOL        EA_SAVE
  -------         ENDDO         
  C:1BECH         LINE#         29
  C:1BECH         LINE#         30
BL51 BANKED LINKER/LOCATER V6.22.4.0                                                  05/25/2025  23:43:03  PAGE 9


  C:1BECH         LINE#         31
  C:1BF1H         LINE#         32
  C:1BF3H         LINE#         34
  C:1BF6H         LINE#         35
  C:1BF9H         LINE#         36
  C:1BFCH         LINE#         37
  C:1BFEH         LINE#         38
  C:1C02H         LINE#         39
  C:1C04H         LINE#         40
  C:1C07H         LINE#         41
  C:1C0AH         LINE#         42
  C:1C0BH         LINE#         44
  C:1C0EH         LINE#         45
  C:1C13H         LINE#         46
  -------         ENDPROC       _IAPPROGRAM
  -------         PROC          _IAPERASE
  D:0006H         SYMBOL        addr
  -------         DO            
  D:0005H         SYMBOL        EA_SAVE
  -------         ENDDO         
  C:1C3BH         LINE#         48
  C:1C3BH         LINE#         49
  C:1C3BH         LINE#         50
  C:1C40H         LINE#         51
  C:1C42H         LINE#         53
  C:1C45H         LINE#         54
  C:1C48H         LINE#         55
  C:1C4BH         LINE#         56
  C:1C4DH         LINE#         57
  C:1C51H         LINE#         58
  C:1C54H         LINE#         59
  C:1C57H         LINE#         60
  C:1C58H         LINE#         62
  C:1C5BH         LINE#         63
  C:1C60H         LINE#         64
  -------         ENDPROC       _IAPERASE
  -------         PROC          _IAPSAFEWRITE
  D:0002H         SYMBOL        addr
  D:0005H         SYMBOL        dat
  C:1E20H         LINE#         67
  C:1E24H         LINE#         68
  C:1E24H         LINE#         69
  C:1E2BH         LINE#         70
  C:1E2BH         LINE#         71
  C:1E30H         LINE#         72
  C:1E30H         LINE#         73
  -------         ENDPROC       _IAPSAFEWRITE
  -------         ENDMOD        EEPROM

  -------         MODULE        OLED
  C:0000H         SYMBOL        _ICE_DUMMY_
  C:000EH         PUBLIC        OLED_Display_On
  D:0080H         PUBLIC        P0
  D:0090H         PUBLIC        P1
  D:00A0H         PUBLIC        P2
  C:1CF5H         PUBLIC        _Send_Byte
  D:00B0H         PUBLIC        P3
BL51 BANKED LINKER/LOCATER V6.22.4.0                                                  05/25/2025  23:43:03  PAGE 10


  D:00C0H         PUBLIC        P4
  D:00C8H         PUBLIC        P5
  D:00E8H         PUBLIC        P6
  D:00F8H         PUBLIC        P7
  C:1C14H         PUBLIC        _OLED_DisplayTurn
  D:00A8H         PUBLIC        IE
  C:095DH         PUBLIC        asc2_3216
  D:00B8H         PUBLIC        IP
  C:0065H         PUBLIC        asc2_0806
  C:028DH         PUBLIC        asc2_1608
  C:1767H         PUBLIC        OLED_Init
  D:00D8H         PUBLIC        CCON
  C:1AD3H         PUBLIC        _OLED_ShowString
  C:1B62H         PUBLIC        _OLED_WR_Byte
  C:159CH         PUBLIC        _OLED_ShowChar
  C:087DH         PUBLIC        Hzk
  C:1E53H         PUBLIC        I2C_Start
  C:1D92H         PUBLIC        _OLED_ColorTurn
  D:0098H         PUBLIC        SCON
  C:1B8BH         PUBLIC        ShowTime
  D:0088H         PUBLIC        TCON
  C:1E62H         PUBLIC        I2C_WaitAck
  C:1E8CH         PUBLIC        I2C_Stop
  C:1D3BH         PUBLIC        _OLED_Set_Pos
  C:1EA0H         PUBLIC        IIC_delay
  D:0034H         PUBLIC        time_buf
  C:19E2H         PUBLIC        _OLED_ShowNum
  C:1E71H         PUBLIC        OLED_Display_Off
  C:1DF4H         PUBLIC        _oled_pow
  B:00B0H.2       PUBLIC        OLED_SDA
  B:00B0H.3       PUBLIC        OLED_SCL
  C:1957H         PUBLIC        _OLED_ShowChinese
  C:1D18H         PUBLIC        OLED_Clear
  B:0090H.2       PUBLIC        OLED_RES
  C:1A6BH         PUBLIC        _OLED_DrawBMP
  C:1682H         PUBLIC        _UpdateTime
  D:00D0H         PUBLIC        PSW
  -------         PROC          _OLED_COLORTURN
  D:001FH         SYMBOL        i
  C:1D92H         LINE#         19
  C:1D94H         LINE#         20
  C:1D94H         LINE#         21
  C:1D98H         LINE#         22
  C:1D98H         LINE#         23
  C:1D9EH         LINE#         24
  C:1D9EH         LINE#         25
  C:1DA3H         LINE#         26
  C:1DA3H         LINE#         27
  C:1DAAH         LINE#         28
  C:1DAAH         LINE#         29
  -------         ENDPROC       _OLED_COLORTURN
  -------         PROC          _OLED_DISPLAYTURN
  D:0000H         SYMBOL        i
  C:1C14H         LINE#         32
  C:1C16H         LINE#         33
  C:1C16H         LINE#         34
  C:1C1AH         LINE#         35
BL51 BANKED LINKER/LOCATER V6.22.4.0                                                  05/25/2025  23:43:03  PAGE 11


  C:1C1AH         LINE#         36
  C:1C20H         LINE#         37
  C:1C27H         LINE#         38
  C:1C27H         LINE#         39
  C:1C2CH         LINE#         40
  C:1C2CH         LINE#         41
  C:1C33H         LINE#         42
  C:1C3AH         LINE#         43
  C:1C3AH         LINE#         44
  -------         ENDPROC       _OLED_DISPLAYTURN
  -------         PROC          IIC_DELAY
  -------         DO            
  D:0007H         SYMBOL        t
  -------         ENDDO         
  C:1EA0H         LINE#         47
  C:1EA0H         LINE#         48
  C:1EA0H         LINE#         49
  C:1EA2H         LINE#         50
  C:1EA8H         LINE#         51
  -------         ENDPROC       IIC_DELAY
  -------         PROC          I2C_START
  C:1E53H         LINE#         54
  C:1E53H         LINE#         55
  C:1E53H         LINE#         56
  C:1E55H         LINE#         57
  C:1E57H         LINE#         58
  C:1E5AH         LINE#         59
  C:1E5CH         LINE#         60
  C:1E5FH         LINE#         61
  C:1E61H         LINE#         63
  -------         ENDPROC       I2C_START
  -------         PROC          I2C_STOP
  C:1E8CH         LINE#         66
  C:1E8CH         LINE#         67
  C:1E8CH         LINE#         68
  C:1E8EH         LINE#         69
  C:1E90H         LINE#         70
  C:1E93H         LINE#         71
  C:1E95H         LINE#         72
  -------         ENDPROC       I2C_STOP
  -------         PROC          I2C_WAITACK
  C:1E62H         LINE#         75
  C:1E62H         LINE#         76
  C:1E62H         LINE#         77
  C:1E64H         LINE#         78
  C:1E67H         LINE#         79
  C:1E69H         LINE#         80
  C:1E6CH         LINE#         81
  C:1E6EH         LINE#         82
  -------         ENDPROC       I2C_WAITACK
  -------         PROC          _SEND_BYTE
  D:0005H         SYMBOL        dat
  -------         DO            
  D:0004H         SYMBOL        i
  -------         ENDDO         
  C:1CF5H         LINE#         86
  C:1CF7H         LINE#         87
BL51 BANKED LINKER/LOCATER V6.22.4.0                                                  05/25/2025  23:43:03  PAGE 12


  C:1CF7H         LINE#         89
  C:1CF9H         LINE#         90
  C:1CF9H         LINE#         91
  C:1CFBH         LINE#         92
  C:1CFFH         LINE#         93
  C:1CFFH         LINE#         94
  C:1D01H         LINE#         95
  C:1D03H         LINE#         97
  C:1D03H         LINE#         98
  C:1D05H         LINE#         99
  C:1D05H         LINE#         100
  C:1D08H         LINE#         101
  C:1D0AH         LINE#         102
  C:1D0DH         LINE#         103
  C:1D0FH         LINE#         104
  C:1D13H         LINE#         105
  C:1D17H         LINE#         106
  -------         ENDPROC       _SEND_BYTE
  C:1B5BH         SYMBOL        L?0095
  -------         PROC          L?0094
  -------         ENDPROC       L?0094
  C:1B5BH         SYMBOL        L?0095
  -------         PROC          _OLED_WR_BYTE
  D:0002H         SYMBOL        dat
  D:0003H         SYMBOL        mode
  C:1B62H         LINE#         111
  C:1B66H         LINE#         112
  C:1B66H         LINE#         113
  C:1B69H         LINE#         114
  C:1B6EH         LINE#         115
  C:1B71H         LINE#         116
  C:1B78H         LINE#         117
  C:1B7DH         LINE#         118
  C:1B80H         LINE#         119
  C:1B85H         LINE#         120
  C:1B88H         LINE#         121
  -------         ENDPROC       _OLED_WR_BYTE
  -------         PROC          _OLED_SET_POS
  D:0001H         SYMBOL        x
  D:0005H         SYMBOL        y
  C:1D3BH         LINE#         191
  C:1D3DH         LINE#         192
  C:1D3DH         LINE#         193
  C:1D46H         LINE#         194
  C:1D54H         LINE#         195
  -------         ENDPROC       _OLED_SET_POS
  -------         PROC          OLED_DISPLAY_ON
  C:000EH         LINE#         198
  C:000EH         LINE#         199
  C:000EH         LINE#         200
  C:0015H         LINE#         201
  C:001CH         LINE#         202
  -------         ENDPROC       OLED_DISPLAY_ON
  -------         PROC          OLED_DISPLAY_OFF
  C:1E71H         LINE#         205
  C:1E71H         LINE#         206
  C:1E71H         LINE#         207
BL51 BANKED LINKER/LOCATER V6.22.4.0                                                  05/25/2025  23:43:03  PAGE 13


  C:1E75H         LINE#         208
  C:1E78H         LINE#         209
  -------         ENDPROC       OLED_DISPLAY_OFF
  -------         PROC          OLED_CLEAR
  -------         DO            
  D:0001H         SYMBOL        i
  D:0000H         SYMBOL        n
  -------         ENDDO         
  C:1D18H         LINE#         212
  C:1D18H         LINE#         213
  C:1D18H         LINE#         215
  C:1D1AH         LINE#         216
  C:1D1AH         LINE#         217
  C:1D20H         LINE#         218
  C:1D20H         LINE#         219
  C:1D23H         LINE#         220
  C:1D36H         LINE#         221
  C:1D3AH         LINE#         222
  -------         ENDPROC       OLED_CLEAR
  -------         PROC          _OLED_SHOWCHAR
  D:004FH         SYMBOL        x
  D:0050H         SYMBOL        y
  D:0003H         SYMBOL        chr
  D:0052H         SYMBOL        sizey
  -------         DO            
  D:0053H         SYMBOL        c
  D:0054H         SYMBOL        sizex
  D:0055H         SYMBOL        i
  D:0057H         SYMBOL        size1
  -------         ENDDO         
  C:159CH         LINE#         228
  C:15A0H         LINE#         229
  C:15A0H         LINE#         230
  C:15AAH         LINE#         231
  C:15AFH         LINE#         232
  C:15BCH         LINE#         233
  C:15E5H         LINE#         234
  C:15EAH         LINE#         235
  C:15F1H         LINE#         236
  C:1604H         LINE#         237
  C:1604H         LINE#         238
  C:1623H         LINE#         239
  C:1638H         LINE#         240
  C:164DH         LINE#         241
  C:1676H         LINE#         243
  C:1681H         LINE#         244
  -------         ENDPROC       _OLED_SHOWCHAR
  -------         PROC          _OLED_POW
  D:0000H         SYMBOL        m
  D:0001H         SYMBOL        n
  -------         DO            
  D:0006H         SYMBOL        result
  -------         ENDDO         
  C:1DF4H         LINE#         246
  C:1DF8H         LINE#         247
  C:1DF8H         LINE#         248
  C:1DFCH         LINE#         249
BL51 BANKED LINKER/LOCATER V6.22.4.0                                                  05/25/2025  23:43:03  PAGE 14


  C:1E0BH         LINE#         250
  C:1E0BH         LINE#         251
  -------         ENDPROC       _OLED_POW
  -------         PROC          _OLED_SHOWNUM
  D:0059H         SYMBOL        x
  D:005AH         SYMBOL        y
  D:005BH         SYMBOL        num
  D:005DH         SYMBOL        len
  D:005EH         SYMBOL        sizey
  -------         DO            
  D:005FH         SYMBOL        t
  D:0060H         SYMBOL        temp
  D:0061H         SYMBOL        m
  D:0062H         SYMBOL        enshow
  -------         ENDDO         
  C:19E2H         LINE#         257
  C:19EAH         LINE#         258
  C:19EAH         LINE#         259
  C:19EDH         LINE#         260
  C:19EFH         LINE#         261
  C:19F7H         LINE#         262
  C:1A01H         LINE#         263
  C:1A01H         LINE#         264
  C:1A23H         LINE#         265
  C:1A31H         LINE#         266
  C:1A31H         LINE#         267
  C:1A35H         LINE#         268
  C:1A35H         LINE#         269
  C:1A47H         LINE#         270
  C:1A49H         LINE#         271
  C:1A4CH         LINE#         272
  C:1A4CH         LINE#         273
  C:1A66H         LINE#         274
  C:1A6AH         LINE#         275
  -------         ENDPROC       _OLED_SHOWNUM
  -------         PROC          _OLED_SHOWSTRING
  D:0000H         SYMBOL        x
  D:0001H         SYMBOL        y
  D:0002H         SYMBOL        chr
  D:0005H         SYMBOL        sizey
  -------         DO            
  D:0006H         SYMBOL        j
  -------         ENDDO         
  C:1AD3H         LINE#         277
  C:1ADDH         LINE#         278
  C:1ADDH         LINE#         279
  C:1AE0H         LINE#         280
  C:1AF1H         LINE#         281
  C:1AF1H         LINE#         282
  C:1B08H         LINE#         283
  C:1B11H         LINE#         284
  C:1B19H         LINE#         285
  C:1B1BH         LINE#         286
  -------         ENDPROC       _OLED_SHOWSTRING
  -------         PROC          _OLED_SHOWCHINESE
  D:006CH         SYMBOL        x
  D:006DH         SYMBOL        y
BL51 BANKED LINKER/LOCATER V6.22.4.0                                                  05/25/2025  23:43:03  PAGE 15


  D:006EH         SYMBOL        no
  D:006FH         SYMBOL        sizey
  -------         DO            
  D:0070H         SYMBOL        i
  D:0072H         SYMBOL        size1
  -------         ENDDO         
  C:1957H         LINE#         288
  C:195DH         LINE#         289
  C:195DH         LINE#         290
  C:1986H         LINE#         291
  C:1996H         LINE#         292
  C:1996H         LINE#         293
  C:19AFH         LINE#         294
  C:19D7H         LINE#         297
  C:19E1H         LINE#         298
  -------         ENDPROC       _OLED_SHOWCHINESE
  -------         PROC          _OLED_DRAWBMP
  D:0044H         SYMBOL        x
  D:0045H         SYMBOL        y
  D:0046H         SYMBOL        sizex
  D:0047H         SYMBOL        sizey
  D:0048H         SYMBOL        BMP
  -------         DO            
  D:004BH         SYMBOL        j
  D:004DH         SYMBOL        i
  D:004EH         SYMBOL        m
  -------         ENDDO         
  C:1A6BH         LINE#         305
  C:1A71H         LINE#         306
  C:1A71H         LINE#         307
  C:1A76H         LINE#         309
  C:1A8EH         LINE#         310
  C:1A98H         LINE#         311
  C:1A98H         LINE#         312
  C:1AA2H         LINE#         313
  C:1AACH         LINE#         314
  C:1AACH         LINE#         315
  C:1ACAH         LINE#         316
  C:1ACEH         LINE#         317
  C:1AD2H         LINE#         318
  -------         ENDPROC       _OLED_DRAWBMP
  -------         PROC          OLED_INIT
  C:1767H         LINE#         323
  C:1767H         LINE#         324
  C:1767H         LINE#         325
  C:1769H         LINE#         326
  C:1770H         LINE#         327
  C:1772H         LINE#         329
  C:1776H         LINE#         330
  C:1776H         LINE#         331
  C:1779H         LINE#         332
  C:1780H         LINE#         333
  C:1787H         LINE#         334
  C:178EH         LINE#         335
  C:1795H         LINE#         336
  C:179CH         LINE#         337
  C:17A3H         LINE#         338
BL51 BANKED LINKER/LOCATER V6.22.4.0                                                  05/25/2025  23:43:03  PAGE 16


  C:17AAH         LINE#         339
  C:17B1H         LINE#         340
  C:17B8H         LINE#         341
  C:17BEH         LINE#         342
  C:17C5H         LINE#         343
  C:17CCH         LINE#         344
  C:17D3H         LINE#         345
  C:17DAH         LINE#         346
  C:17E1H         LINE#         347
  C:17E8H         LINE#         348
  C:17EFH         LINE#         349
  C:17F6H         LINE#         350
  C:17FDH         LINE#         351
  C:1804H         LINE#         352
  C:180BH         LINE#         353
  C:1812H         LINE#         354
  C:1819H         LINE#         355
  C:1820H         LINE#         356
  C:1823H         LINE#         357
  -------         ENDPROC       OLED_INIT
  -------         PROC          _UPDATETIME
  D:0000H         SYMBOL        delta
  -------         DO            
  D:0002H         SYMBOL        total_sec
  -------         ENDDO         
  C:1682H         LINE#         362
  C:1686H         LINE#         363
  C:1686H         LINE#         364
  C:16B9H         LINE#         365
  C:16D6H         LINE#         367
  C:16F2H         LINE#         368
  C:1710H         LINE#         370
  C:1726H         LINE#         371
  C:174DH         LINE#         372
  C:1766H         LINE#         373
  -------         ENDPROC       _UPDATETIME
  -------         PROC          SHOWTIME
  C:1B8BH         LINE#         375
  C:1B8BH         LINE#         376
  C:1B8BH         LINE#         377
  C:1BAFH         LINE#         378
  -------         ENDPROC       SHOWTIME
  -------         ENDMOD        OLED

  -------         MODULE        BEEP
  C:0000H         SYMBOL        _ICE_DUMMY_
  D:0080H         PUBLIC        P0
  D:00B2H         PUBLIC        P3M0
  D:0090H         PUBLIC        P1
  D:00B1H         PUBLIC        P3M1
  D:00A0H         PUBLIC        P2
  D:00B0H         PUBLIC        P3
  D:00C0H         PUBLIC        P4
  D:00C8H         PUBLIC        P5
  C:1E96H         PUBLIC        Buzzer_Pin_Init
  D:00E8H         PUBLIC        P6
  D:00F8H         PUBLIC        P7
BL51 BANKED LINKER/LOCATER V6.22.4.0                                                  05/25/2025  23:43:03  PAGE 17


  D:00F9H         PUBLIC        CH
  D:00A2H         PUBLIC        P_SW1
  D:00A8H         PUBLIC        IE
  D:00E9H         PUBLIC        CL
  D:00FAH         PUBLIC        CCAP0H
  C:182AH         PUBLIC        _Buzzer_Set
  D:00EAH         PUBLIC        CCAP0L
  B:00D8H.6       PUBLIC        CR
  D:00DAH         PUBLIC        CCAPM0
  D:00B8H         PUBLIC        IP
  D:00D9H         PUBLIC        CMOD
  D:00D8H         PUBLIC        CCON
  D:0098H         PUBLIC        SCON
  D:0088H         PUBLIC        TCON
  D:00F2H         PUBLIC        PCA_PWM0
  C:1B1CH         PUBLIC        Play_Melody
  C:1E31H         PUBLIC        PWM_Init
  C:1C6BH         PUBLIC        _Beep_Note
  D:00D0H         PUBLIC        PSW
  -------         PROC          BUZZER_PIN_INIT
  C:1E96H         LINE#         5
  C:1E96H         LINE#         6
  C:1E96H         LINE#         7
  C:1E99H         LINE#         8
  C:1E9CH         LINE#         9
  C:1E9FH         LINE#         10
  -------         ENDPROC       BUZZER_PIN_INIT
  -------         PROC          PWM_INIT
  C:1E31H         LINE#         13
  C:1E31H         LINE#         14
  C:1E31H         LINE#         15
  C:1E34H         LINE#         16
  C:1E36H         LINE#         17
  C:1E38H         LINE#         18
  C:1E3AH         LINE#         20
  C:1E3DH         LINE#         21
  C:1E3FH         LINE#         22
  C:1E41H         LINE#         23
  -------         ENDPROC       PWM_INIT
  -------         PROC          _BUZZER_SET
  D:0002H         SYMBOL        freq
  D:0063H         SYMBOL        volume
  -------         DO            
  D:0064H         SYMBOL        pwm_clk
  D:0068H         SYMBOL        period
  D:0007H         SYMBOL        duty
  -------         ENDDO         
  C:182AH         LINE#         27
  C:1830H         LINE#         28
  C:1830H         LINE#         29
  C:183BH         LINE#         33
  C:1843H         LINE#         34
  C:1846H         LINE#         35
  C:1849H         LINE#         36
  C:184CH         LINE#         38
  C:184CH         LINE#         40
  C:1862H         LINE#         41
BL51 BANKED LINKER/LOCATER V6.22.4.0                                                  05/25/2025  23:43:03  PAGE 18


  C:1880H         LINE#         42
  C:189EH         LINE#         44
  C:18A1H         LINE#         45
  C:18C4H         LINE#         47
  C:18C6H         LINE#         48
  C:18C8H         LINE#         49
  C:18CAH         LINE#         50
  -------         ENDPROC       _BUZZER_SET
  C:1C63H         SYMBOL        L?0011
  -------         PROC          L?0010
  -------         ENDPROC       L?0010
  C:1C63H         SYMBOL        L?0011
  -------         PROC          _BEEP_NOTE
  D:0006H         SYMBOL        freq
  D:0005H         SYMBOL        volume
  D:007EH         SYMBOL        duration_ms
  C:1C6BH         LINE#         54
  C:1C6FH         LINE#         55
  C:1C6FH         LINE#         56
  C:1C72H         LINE#         57
  C:1C79H         LINE#         58
  C:1C80H         LINE#         59
  -------         ENDPROC       _BEEP_NOTE
  -------         PROC          PLAY_MELODY
  C:1B1CH         LINE#         63
  C:1B1CH         LINE#         64
  C:1B1CH         LINE#         66
  C:1B21H         LINE#         67
  C:1B2EH         LINE#         68
  C:1B31H         LINE#         69
  C:1B3EH         LINE#         70
  C:1B41H         LINE#         71
  C:1B4EH         LINE#         72
  -------         ENDPROC       PLAY_MELODY
  -------         ENDMOD        BEEP

  -------         MODULE        ENCODER
  C:0000H         SYMBOL        _ICE_DUMMY_
  D:0074H         PUBLIC        time_m
  D:0080H         PUBLIC        P0
  D:0090H         PUBLIC        P1
  D:00A0H         PUBLIC        P2
  D:00B0H         PUBLIC        P3
  D:0076H         PUBLIC        encoder_step
  D:00C0H         PUBLIC        P4
  D:0077H         PUBLIC        time_s
  D:00C8H         PUBLIC        P5
  D:00E8H         PUBLIC        P6
  D:00F8H         PUBLIC        P7
  D:00A8H         PUBLIC        IE
  D:0079H         PUBLIC        current_mode
  D:008FH         PUBLIC        INTCLKO
  D:00B8H         PUBLIC        IP
  D:00D8H         PUBLIC        CCON
  B:00C8H.5       PUBLIC        ENCODER_B
  B:0021H.2       PUBLIC        key_pressed
  C:1E0CH         PUBLIC        INT2_Isr
BL51 BANKED LINKER/LOCATER V6.22.4.0                                                  05/25/2025  23:43:03  PAGE 19


  D:0098H         PUBLIC        SCON
  D:0088H         PUBLIC        TCON
  D:007AH         PUBLIC        time_h
  D:00D0H         PUBLIC        PSW
  C:1EB1H         PUBLIC        encoder_init
  -------         PROC          ENCODER_INIT
  C:1EB1H         LINE#         19
  C:1EB1H         LINE#         20
  C:1EB1H         LINE#         21
  C:1EB4H         LINE#         22
  -------         ENDPROC       ENCODER_INIT
  -------         PROC          INT2_ISR
  C:1E0CH         LINE#         24
  C:1E0EH         LINE#         26
  C:1E12H         LINE#         27
  C:1E12H         LINE#         28
  C:1E15H         LINE#         29
  C:1E1AH         LINE#         31
  C:1E1DH         LINE#         32
  C:1E1DH         LINE#         33
  -------         ENDPROC       INT2_ISR
  -------         ENDMOD        ENCODER

  -------         MODULE        TIMER0
  C:0000H         SYMBOL        _ICE_DUMMY_
  D:0080H         PUBLIC        P0
  D:0090H         PUBLIC        P1
  D:00A0H         PUBLIC        P2
  D:00B0H         PUBLIC        P3
  C:1CD1H         PUBLIC        Timer0_ISR
  D:00C0H         PUBLIC        P4
  D:00C8H         PUBLIC        P5
  D:00E8H         PUBLIC        P6
  D:0000H         PUBLIC        timer_flage
  D:00F8H         PUBLIC        P7
  D:00A8H         PUBLIC        IE
  D:00B8H         PUBLIC        IP
  D:00D8H         PUBLIC        CCON
  C:1E42H         PUBLIC        Timer0_Init
  D:0098H         PUBLIC        SCON
  D:0089H         PUBLIC        TMOD
  D:0088H         PUBLIC        TCON
  B:00A8H.1       PUBLIC        ET0
  D:008CH         PUBLIC        TH0
  D:008AH         PUBLIC        TL0
  B:0088H.4       PUBLIC        TR0
  D:00D0H         PUBLIC        PSW
  -------         PROC          TIMER0_INIT
  C:1E42H         LINE#         11
  C:1E42H         LINE#         12
  C:1E42H         LINE#         13
  C:1E45H         LINE#         14
  C:1E48H         LINE#         16
  C:1E4BH         LINE#         17
  C:1E4EH         LINE#         19
  C:1E50H         LINE#         20
  C:1E52H         LINE#         21
BL51 BANKED LINKER/LOCATER V6.22.4.0                                                  05/25/2025  23:43:03  PAGE 20


  -------         ENDPROC       TIMER0_INIT
  -------         PROC          TIMER0_ISR
  C:1CD1H         LINE#         24
  C:1CD5H         LINE#         26
  C:1CD8H         LINE#         27
  C:1CDBH         LINE#         28
  C:1CE0H         LINE#         29
  C:1CE0H         LINE#         30
  C:1CE8H         LINE#         31
  C:1CEAH         LINE#         33
  C:1CEAH         LINE#         34
  C:1CF0H         LINE#         35
  C:1CF0H         LINE#         36
  -------         ENDPROC       TIMER0_ISR
  -------         ENDMOD        TIMER0

  -------         MODULE        ?C?CLDPTR
  C:1379H         PUBLIC        ?C?CLDPTR
  -------         ENDMOD        ?C?CLDPTR

  -------         MODULE        ?C?CLDOPTR
  C:1392H         PUBLIC        ?C?CLDOPTR
  -------         ENDMOD        ?C?CLDOPTR

  -------         MODULE        ?C?IMUL
  C:13BFH         PUBLIC        ?C?IMUL
  -------         ENDMOD        ?C?IMUL

  -------         MODULE        ?C?UIDIV
  C:13D1H         PUBLIC        ?C?UIDIV
  -------         ENDMOD        ?C?UIDIV

  -------         MODULE        ?C?LMUL
  C:1426H         PUBLIC        ?C?LMUL
  -------         ENDMOD        ?C?LMUL

  -------         MODULE        ?C?ULDIV
  C:14B1H         PUBLIC        ?C?ULDIV
  -------         ENDMOD        ?C?ULDIV

  -------         MODULE        ?C?ULCMP
  C:1543H         PUBLIC        ?C?ULCMP
  -------         ENDMOD        ?C?ULCMP

  -------         MODULE        PRINTF
  D:0008H         PUBLIC        ?_PRINTF517?BYTE
  D:0008H         PUBLIC        ?_PRINTF?BYTE
  D:0008H         PUBLIC        ?_SPRINTF517?BYTE
  D:0008H         PUBLIC        ?_SPRINTF?BYTE
  C:107FH         PUBLIC        _PRINTF
  C:107FH         PUBLIC        _PRINTF517
  C:1079H         PUBLIC        _SPRINTF
  C:1079H         PUBLIC        _SPRINTF517
  -------         ENDMOD        PRINTF

  -------         MODULE        ?C?CSTPTR
  C:1554H         PUBLIC        ?C?CSTPTR
BL51 BANKED LINKER/LOCATER V6.22.4.0                                                  05/25/2025  23:43:03  PAGE 21


  -------         ENDMOD        ?C?CSTPTR

  -------         MODULE        ?C?PLDIIDATA
  C:1566H         PUBLIC        ?C?PLDIIDATA
  -------         ENDMOD        ?C?PLDIIDATA

  -------         MODULE        ?C?CCASE
  C:1576H         PUBLIC        ?C?CCASE
  -------         ENDMOD        ?C?CCASE

*** ERROR L107: ADDRESS SPACE OVERFLOW
    SPACE:   DATA    
    SEGMENT: ?DT?_OLED_SHOWSTRING?OLED
    LENGTH:  0007H

*** ERROR L107: ADDRESS SPACE OVERFLOW
    SPACE:   DATA    
    SEGMENT: ?DT?_UPDATETIME?OLED
    LENGTH:  0006H

*** ERROR L107: ADDRESS SPACE OVERFLOW
    SPACE:   DATA    
    SEGMENT: ?DT?TIMER0
    LENGTH:  0002H

*** ERROR L107: ADDRESS SPACE OVERFLOW
    SPACE:   DATA    
    SEGMENT: ?DT?_OLED_DISPLAYTURN?OLED
    LENGTH:  0001H

*** ERROR L107: ADDRESS SPACE OVERFLOW
    SPACE:   DATA    
    SEGMENT: ?DT?OLED_CLEAR?OLED
    LENGTH:  0001H

*** ERROR L107: ADDRESS SPACE OVERFLOW
    SPACE:   DATA    
    SEGMENT: ?DT?_OLED_POW?OLED
    LENGTH:  0001H

*** ERROR L105: PUBLIC REFERS TO IGNORED SEGMENT
    SYMBOL:  ?_OLED_SHOWSTRING?BYTE
    SEGMENT: ?DT?_OLED_SHOWSTRING?OLED

*** ERROR L105: PUBLIC REFERS TO IGNORED SEGMENT
    SYMBOL:  TIMER_FLAGE
    SEGMENT: ?DT?TIMER0

Program Size: data=146.3 xdata=0 code=7861
LINK/LOCATE RUN COMPLETE.  0 WARNING(S),  8 ERROR(S)
