BL51 BANKED LINKER/LOCATER V6.22.4.0                                                    05/24/2025  23:04:50  PAGE 1


BL51 BANKED LINKER/LOCATER V6.22.4.0, INVOKED BY:
D:\MCU\KEIL_V5\C51\BIN\BL51.EXE .\Objects\STARTUP.obj, .\Objects\main.obj, .\Objects\uart.obj TO .\Objects\test PRINT (.
>> \Listings\test.m51) RAMSIZE (256) DISABLEWARNING (16)


MEMORY MODEL: SMALL


INPUT MODULES INCLUDED:
  .\Objects\STARTUP.obj (?C_STARTUP)
  .\Objects\main.obj (MAIN)
  .\Objects\uart.obj (UART)
  D:\MCU\KEIL_V5\C51\LIB\C51S.LIB (?C?CLDPTR)
  D:\MCU\KEIL_V5\C51\LIB\C51S.LIB (?C?LMUL)
  D:\MCU\KEIL_V5\C51\LIB\C51S.LIB (?C?ULDIV)
  D:\MCU\KEIL_V5\C51\LIB\C51S.LIB (?C?ULCMP)


LINK MAP OF MODULE:  .\Objects\test (?C_STARTUP)


            TYPE    BASE      LENGTH    RELOCATION   SEGMENT NAME
            -----------------------------------------------------

            * * * * * * *   D A T A   M E M O R Y   * * * * * * *
            REG     0000H     0008H     ABSOLUTE     "REG BANK 0"
            DATA    0008H     0012H     UNIT         ?DT?UART
            DATA    001AH     0003H     UNIT         ?DT?_UARTSENDSTR?UART
                    001DH     0003H                  *** GAP ***
            BIT     0020H.0   0000H.1   UNIT         ?BI?UART
                    0020H.1   0000H.7                *** GAP ***
            DATA    0021H     000BH     UNIT         _DATA_GROUP_
            IDATA   002CH     0001H     UNIT         ?STACK

            * * * * * * *   C O D E   M E M O R Y   * * * * * * *
            CODE    0000H     0003H     ABSOLUTE     
            CODE    0003H     0018H     UNIT         ?PR?UARTINIT?UART
            CODE    001BH     0008H     UNIT         ?PR?_UARTSEND?UART
            CODE    0023H     0003H     ABSOLUTE     
            CODE    0026H     0147H     UNIT         ?C?LIB_CODE
            CODE    016DH     009BH     UNIT         ?PR?_BUZZER_SET?MAIN
            CODE    0208H     0042H     UNIT         ?PR?PLAY_MELODY?MAIN
            CODE    024AH     002DH     UNIT         ?PR?_BEEP_NOTE?MAIN
            CODE    0277H     002DH     UNIT         ?PR?UARTISR?UART
            CODE    02A4H     0025H     UNIT         ?PR?_UARTSENDSTR?UART
            CODE    02C9H     0022H     UNIT         ?PR?_DELAYMS?MAIN
            CODE    02EBH     0012H     UNIT         ?PR?MAIN?MAIN
            CODE    02FDH     0011H     UNIT         ?PR?PWM_INIT?MAIN
            CODE    030EH     000CH     UNIT         ?C_C51STARTUP
            CODE    031AH     000AH     UNIT         ?PR?BUZZER_PIN_INIT?MAIN
            CODE    0324H     0008H     UNIT         ?PR?_PUTCHAR?UART



OVERLAY MAP OF MODULE:   .\Objects\test (?C_STARTUP)


SEGMENT                            DATA_GROUP 
BL51 BANKED LINKER/LOCATER V6.22.4.0                                                  05/24/2025  23:04:50  PAGE 2


  +--> CALLED SEGMENT            START    LENGTH
------------------------------------------------
?C_C51STARTUP                    -----    -----
  +--> ?PR?MAIN?MAIN

?PR?MAIN?MAIN                    -----    -----
  +--> ?PR?BUZZER_PIN_INIT?MAIN
  +--> ?PR?PWM_INIT?MAIN
  +--> ?PR?PLAY_MELODY?MAIN
  +--> ?PR?_DELAYMS?MAIN

?PR?PLAY_MELODY?MAIN             -----    -----
  +--> ?PR?_BEEP_NOTE?MAIN
  +--> ?PR?_DELAYMS?MAIN

?PR?_BEEP_NOTE?MAIN              0021H    0002H
  +--> ?PR?_DELAYMS?MAIN
  +--> ?PR?_BUZZER_SET?MAIN

?PR?_BUZZER_SET?MAIN             0023H    0009H



SYMBOL TABLE OF MODULE:  .\Objects\test (?C_STARTUP)

  VALUE           TYPE          NAME
  ----------------------------------

  -------         MODULE        ?C_STARTUP
  C:030EH         SEGMENT       ?C_C51STARTUP
  I:002CH         SEGMENT       ?STACK
  C:0000H         PUBLIC        ?C_STARTUP
  D:00E0H         SYMBOL        ACC
  D:00F0H         SYMBOL        B
  D:0083H         SYMBOL        DPH
  D:0082H         SYMBOL        DPL
  N:0000H         SYMBOL        IBPSTACK
  N:0100H         SYMBOL        IBPSTACKTOP
  N:0080H         SYMBOL        IDATALEN
  C:0311H         SYMBOL        IDATALOOP
  N:0000H         SYMBOL        PBPSTACK
  N:0100H         SYMBOL        PBPSTACKTOP
  N:0000H         SYMBOL        PDATALEN
  N:0000H         SYMBOL        PDATASTART
  N:0000H         SYMBOL        PPAGE
  N:0000H         SYMBOL        PPAGEENABLE
  D:00A0H         SYMBOL        PPAGE_SFR
  D:0081H         SYMBOL        SP
  C:030EH         SYMBOL        STARTUP1
  N:0000H         SYMBOL        XBPSTACK
  N:0000H         SYMBOL        XBPSTACKTOP
  N:0000H         SYMBOL        XDATALEN
  N:0000H         SYMBOL        XDATASTART
  C:0000H         LINE#         126
  C:030EH         LINE#         133
  C:0310H         LINE#         134
  C:0311H         LINE#         135
BL51 BANKED LINKER/LOCATER V6.22.4.0                                                  05/24/2025  23:04:50  PAGE 3


  C:0312H         LINE#         136
  C:0314H         LINE#         185
  C:0317H         LINE#         196
  -------         ENDMOD        ?C_STARTUP

  -------         MODULE        MAIN
  C:0000H         SYMBOL        _ICE_DUMMY_
  D:0080H         PUBLIC        P0
  D:00B2H         PUBLIC        P3M0
  D:0090H         PUBLIC        P1
  D:00B1H         PUBLIC        P3M1
  D:00A0H         PUBLIC        P2
  D:00B0H         PUBLIC        P3
  D:00C0H         PUBLIC        P4
  D:00C8H         PUBLIC        P5
  C:031AH         PUBLIC        Buzzer_Pin_Init
  D:00E8H         PUBLIC        P6
  D:00F8H         PUBLIC        P7
  D:00F9H         PUBLIC        CH
  D:00A2H         PUBLIC        P_SW1
  D:00A8H         PUBLIC        IE
  D:00E9H         PUBLIC        CL
  D:00FAH         PUBLIC        CCAP0H
  C:016DH         PUBLIC        _Buzzer_Set
  D:00EAH         PUBLIC        CCAP0L
  B:00D8H.6       PUBLIC        CR
  D:00DAH         PUBLIC        CCAPM0
  D:00B8H         PUBLIC        IP
  D:00D9H         PUBLIC        CMOD
  D:00D8H         PUBLIC        CCON
  C:02EBH         PUBLIC        main
  C:02CDH         PUBLIC        _DelayMs
  D:0098H         PUBLIC        SCON
  D:0088H         PUBLIC        TCON
  D:00F2H         PUBLIC        PCA_PWM0
  C:0208H         PUBLIC        Play_Melody
  C:02FDH         PUBLIC        PWM_Init
  C:025BH         PUBLIC        _Beep_Note
  D:00D0H         PUBLIC        PSW
  -------         PROC          BUZZER_PIN_INIT
  C:031AH         LINE#         13
  C:031AH         LINE#         14
  C:031AH         LINE#         15
  C:031DH         LINE#         16
  C:0320H         LINE#         17
  C:0323H         LINE#         18
  -------         ENDPROC       BUZZER_PIN_INIT
  -------         PROC          PWM_INIT
  C:02FDH         LINE#         21
  C:02FDH         LINE#         22
  C:02FDH         LINE#         23
  C:0300H         LINE#         24
  C:0302H         LINE#         25
  C:0304H         LINE#         26
  C:0306H         LINE#         28
  C:0309H         LINE#         29
  C:030BH         LINE#         30
BL51 BANKED LINKER/LOCATER V6.22.4.0                                                  05/24/2025  23:04:50  PAGE 4


  C:030DH         LINE#         31
  -------         ENDPROC       PWM_INIT
  -------         PROC          _BUZZER_SET
  D:0002H         SYMBOL        freq
  D:0023H         SYMBOL        volume
  -------         DO            
  D:0024H         SYMBOL        pwm_clock
  D:0028H         SYMBOL        period
  D:0007H         SYMBOL        duty
  -------         ENDDO         
  C:016DH         LINE#         35
  C:0173H         LINE#         36
  C:0173H         LINE#         37
  C:017FH         LINE#         41
  C:0187H         LINE#         42
  C:018AH         LINE#         43
  C:018EH         LINE#         45
  C:018EH         LINE#         47
  C:01A4H         LINE#         48
  C:01C2H         LINE#         49
  C:01E0H         LINE#         51
  C:0203H         LINE#         53
  C:0205H         LINE#         54
  C:0207H         LINE#         55
  -------         ENDPROC       _BUZZER_SET
  C:02C9H         SYMBOL        L?0025
  -------         PROC          L?0024
  -------         ENDPROC       L?0024
  C:02C9H         SYMBOL        L?0025
  -------         PROC          _DELAYMS
  D:0006H         SYMBOL        ms
  -------         DO            
  D:0006H         SYMBOL        i
  D:0004H         SYMBOL        j
  -------         ENDDO         
  C:02CDH         LINE#         58
  C:02CDH         LINE#         59
  C:02CDH         LINE#         61
  C:02D6H         LINE#         62
  C:02EAH         LINE#         63
  -------         ENDPROC       _DELAYMS
  C:0253H         SYMBOL        L?0023
  -------         PROC          L?0022
  -------         ENDPROC       L?0022
  C:0253H         SYMBOL        L?0023
  -------         PROC          _BEEP_NOTE
  D:0006H         SYMBOL        freq
  D:0005H         SYMBOL        volume
  D:0021H         SYMBOL        duration_ms
  C:025BH         LINE#         66
  C:025FH         LINE#         67
  C:025FH         LINE#         68
  C:0262H         LINE#         69
  C:0269H         LINE#         70
  C:0270H         LINE#         71
  -------         ENDPROC       _BEEP_NOTE
  -------         PROC          PLAY_MELODY
BL51 BANKED LINKER/LOCATER V6.22.4.0                                                  05/24/2025  23:04:50  PAGE 5


  C:0208H         LINE#         75
  C:0208H         LINE#         76
  C:0208H         LINE#         78
  C:020DH         LINE#         79
  C:0210H         LINE#         80
  C:021DH         LINE#         81
  C:021DH         LINE#         82
  C:0220H         LINE#         83
  C:0223H         LINE#         84
  C:0230H         LINE#         85
  C:0230H         LINE#         86
  C:0233H         LINE#         87
  C:0236H         LINE#         88
  C:0243H         LINE#         89
  -------         ENDPROC       PLAY_MELODY
  -------         PROC          MAIN
  C:02EBH         LINE#         92
  C:02EBH         LINE#         93
  C:02EBH         LINE#         94
  C:02EEH         LINE#         95
  C:02F1H         LINE#         97
  C:02F1H         LINE#         98
  C:02F1H         LINE#         99
  C:02F4H         LINE#         100
  C:02FBH         LINE#         101
  -------         ENDPROC       MAIN
  -------         ENDMOD        MAIN

  -------         MODULE        UART
  C:0000H         SYMBOL        _ICE_DUMMY_
  D:0080H         PUBLIC        P0
  D:0090H         PUBLIC        P1
  D:00A0H         PUBLIC        P2
  D:00B0H         PUBLIC        P3
  D:00C0H         PUBLIC        P4
  D:00C8H         PUBLIC        P5
  D:00E8H         PUBLIC        P6
  D:00F8H         PUBLIC        P7
  D:00A8H         PUBLIC        IE
  D:00B8H         PUBLIC        IP
  B:0098H.0       PUBLIC        RI
  B:0098H.1       PUBLIC        TI
  D:00D8H         PUBLIC        CCON
  C:001BH         PUBLIC        _UartSend
  D:0099H         PUBLIC        SBUF
  D:0098H         PUBLIC        SCON
  C:0003H         PUBLIC        UartInit
  D:0089H         PUBLIC        TMOD
  D:0088H         PUBLIC        TCON
  D:008EH         PUBLIC        AUXR
  B:0020H.0       PUBLIC        busy
  D:0008H         PUBLIC        rptr
  D:008DH         PUBLIC        TH1
  C:0277H         PUBLIC        UartIsr
  D:0009H         PUBLIC        wptr
  D:008BH         PUBLIC        TL1
  B:0088H.6       PUBLIC        TR1
BL51 BANKED LINKER/LOCATER V6.22.4.0                                                  05/24/2025  23:04:50  PAGE 6


  C:02A4H         PUBLIC        _UartSendStr
  D:00D0H         PUBLIC        PSW
  C:0324H         PUBLIC        _putchar
  D:000AH         PUBLIC        buffer
  -------         PROC          UARTINIT
  C:0003H         LINE#         12
  C:0003H         LINE#         13
  C:0003H         LINE#         14
  C:0006H         LINE#         15
  C:0009H         LINE#         16
  C:000CH         LINE#         17
  C:000FH         LINE#         18
  C:0011H         LINE#         19
  C:0014H         LINE#         20
  C:0016H         LINE#         21
  C:0018H         LINE#         22
  C:001AH         LINE#         23
  -------         ENDPROC       UARTINIT
  -------         PROC          _UARTSEND
  D:0007H         SYMBOL        dat
  C:001BH         LINE#         24
  C:001BH         LINE#         25
  C:001BH         LINE#         26
  C:001EH         LINE#         27
  C:0020H         LINE#         28
  C:0022H         LINE#         29
  -------         ENDPROC       _UARTSEND
  -------         PROC          _UARTSENDSTR
  D:001AH         SYMBOL        p
  C:02A4H         LINE#         30
  C:02AAH         LINE#         31
  C:02AAH         LINE#         32
  C:02B5H         LINE#         33
  C:02B5H         LINE#         34
  C:02C6H         LINE#         35
  C:02C8H         LINE#         36
  -------         ENDPROC       _UARTSENDSTR
  -------         PROC          UARTISR
  C:0277H         LINE#         39
  C:0282H         LINE#         41
  C:0285H         LINE#         42
  C:0285H         LINE#         43
  C:0287H         LINE#         44
  C:0289H         LINE#         45
  C:0289H         LINE#         46
  C:028CH         LINE#         47
  C:028CH         LINE#         48
  C:028EH         LINE#         49
  C:0298H         LINE#         50
  C:029BH         LINE#         51
  C:029BH         LINE#         52
  -------         ENDPROC       UARTISR
  -------         PROC          _PUTCHAR
  D:0007H         SYMBOL        ch
  C:0324H         LINE#         54
  C:0324H         LINE#         55
  C:0324H         LINE#         56
BL51 BANKED LINKER/LOCATER V6.22.4.0                                                  05/24/2025  23:04:50  PAGE 7


  C:0326H         LINE#         57
  C:0329H         LINE#         58
  C:032BH         LINE#         59
  C:032BH         LINE#         60
  -------         ENDPROC       _PUTCHAR
  -------         ENDMOD        UART

  -------         MODULE        ?C?CLDPTR
  C:0026H         PUBLIC        ?C?CLDPTR
  -------         ENDMOD        ?C?CLDPTR

  -------         MODULE        ?C?LMUL
  C:003FH         PUBLIC        ?C?LMUL
  -------         ENDMOD        ?C?LMUL

  -------         MODULE        ?C?ULDIV
  C:00CAH         PUBLIC        ?C?ULDIV
  -------         ENDMOD        ?C?ULDIV

  -------         MODULE        ?C?ULCMP
  C:015CH         PUBLIC        ?C?ULCMP
  -------         ENDMOD        ?C?ULCMP

Program Size: data=41.1 xdata=0 code=812
LINK/LOCATE RUN COMPLETE.  0 WARNING(S),  0 ERROR(S)
