C51 COMPILER V9.60.7.0   BEEP                                                              05/30/2025 21:47:38 PAGE 1   


C51 COMPILER V9.60.7.0, COMPILATION OF MODULE BEEP
OBJECT MODULE PLACED IN .\Objects\beep.obj
COMPILER INVOKED BY: D:\mcu\Keil_v5\C51\BIN\C51.EXE bsp\beep\beep.c LARGE OPTIMIZE(8,SPEED) BROWSE INCDIR(.\main;.\syste
                    -m;.\bsp\beep;.\bsp\eeprom;.\bsp\oled;.\bsp\encoder;.\bsp\timer0) DEBUG OBJECTEXTEND PRINT(.\Listings\beep.lst) TABS(2) O
                    -BJECT(.\Objects\beep.obj)

line level    source

   1          #include "beep.h"
   2          #include "uart.h"
   3          
   4          
   5          unsigned char  highTicks = 0;
   6          unsigned char  lowTicks = 0;
   7          unsigned char  pwmCounter = 0;
   8          unsigned int  totalTicks = 0;
   9          unsigned int  reload = 0;
  10          bit pwmHigh = 1;
  11          
  12          // ========== 核心封装函数：设置PWM频率和占空比 ==========
  13          void PWM_Set(unsigned int freq_hz, unsigned char duty_percent)
  14          {
  15   1          static unsigned int last_freq = 0;
  16   1          static unsigned char last_duty = 0;
  17   1          unsigned long period_us;
  18   1          unsigned int pwmInterval_us;
  19   1      
  20   1          // 限制 duty 范围（1 ~ 99）
  21   1          if (duty_percent < 1) duty_percent = 1;
  22   1          if (duty_percent > 99) duty_percent = 99;
  23   1      
  24   1          // 如果频率和占空比都没变，直接返回，避免重复设置
  25   1          if (freq_hz == last_freq && duty_percent == last_duty)
  26   1              return;
  27   1      
  28   1          last_freq = freq_hz;
  29   1          last_duty = duty_percent;
  30   1      
  31   1      
  32   1          // 计算周期：1s = 1,000,000us
  33   1          period_us = 1000000UL / freq_hz;
  34   1          pwmInterval_us = 50;
  35   1      
  36   1          // 总tick数 = 总周期 / 每tick间隔
  37   1          totalTicks = period_us / pwmInterval_us;
  38   1          highTicks = (totalTicks * duty_percent) / 100;
  39   1          lowTicks = totalTicks - highTicks;
  40   1      
  41   1          // 设置 Timer1 为 pwmInterval_us（50us）中断周期
  42   1          TMOD &= 0x0F;
  43   1          TMOD |= 0x10;  // 定时器1，16位
  44   1      
  45   1          reload = 65536 - (FOSC / 12 / 1000000 * pwmInterval_us);
  46   1          TH1 = reload >> 8;
  47   1          TL1 = reload & 0xFF;
  48   1      
  49   1          TR1 = 1;
  50   1          ET1 = 1;
  51   1          EA  = 1;
  52   1      }
  53          void PWM_OFF(void)
C51 COMPILER V9.60.7.0   BEEP                                                              05/30/2025 21:47:38 PAGE 2   

  54          {   BEEP = 0;
  55   1          TR1 = 0;
  56   1          ET1 = 0;
  57   1      }
  58          void PWM_ON(void)
  59          {
  60   1          BEEP = 1;
  61   1          TR1 = 1;
  62   1          ET1 = 1;
  63   1      }
  64          // ========== 定时器1中断服务：生成PWM ==========
  65          void TM1_Isr(void) interrupt 3
  66          {
  67   1          // 重载计数值（保持 50us 中断周期）
  68   1          reload = 65536 - (FOSC / 12 / 1000000 * 50);
  69   1          TH1 = reload >> 8;
  70   1          TL1 = reload & 0xFF;
  71   1      
  72   1          pwmCounter++;
  73   1          if (pwmHigh)
  74   1          {
  75   2              if (pwmCounter >= highTicks)
  76   2              {
  77   3                  pwmCounter = 0;
  78   3                  pwmHigh = 0;
  79   3                  BEEP = 0;
  80   3              }
  81   2          }
  82   1          else
  83   1          {
  84   2              if (pwmCounter >= lowTicks)
  85   2              {
  86   3                  pwmCounter = 0;
  87   3                  pwmHigh = 1;
  88   3                  BEEP = 1;
  89   3              }
  90   2          }
  91   1      }
  92          
  93          


MODULE INFORMATION:   STATIC OVERLAYABLE
   CODE SIZE        =    351    ----
   CONSTANT SIZE    =   ----    ----
   XDATA SIZE       =     10       7
   PDATA SIZE       =   ----    ----
   DATA SIZE        =   ----    ----
   IDATA SIZE       =   ----    ----
   BIT SIZE         =      1    ----
END OF MODULE INFORMATION.


C51 COMPILATION COMPLETE.  0 WARNING(S),  0 ERROR(S)
