BL51 BANKED LINKER/LOCATER V6.22                                                        03/17/2025  20:18:02  PAGE 1


BL51 BANKED LINKER/LOCATER V6.22, INVOKED BY:
D:\KEIL5\C51\BIN\BL51.EXE .\Objects\STARTUP.obj, .\Objects\main.obj TO .\Objects\test PRINT (.\Listings\test.m51) RAMSIZ
>> E (256) DISABLEWARNING (16)


MEMORY MODEL: SMALL


INPUT MODULES INCLUDED:
  .\Objects\STARTUP.obj (?C_STARTUP)
  .\Objects\main.obj (MAIN)


LINK MAP OF MODULE:  .\Objects\test (?C_STARTUP)


            TYPE    BASE      LENGTH    RELOCATION   SEGMENT NAME
            -----------------------------------------------------

            * * * * * * *   D A T A   M E M O R Y   * * * * * * *
            REG     0000H     0008H     ABSOLUTE     "REG BANK 0"
            IDATA   0008H     0001H     UNIT         ?STACK

            * * * * * * *   C O D E   M E M O R Y   * * * * * * *
            CODE    0000H     0003H     ABSOLUTE     
            CODE    0003H     0019H     UNIT         ?PR?MAIN?MAIN
            CODE    001CH     0018H     UNIT         ?PR?_DELAY_MS?MAIN
            CODE    0034H     0012H     UNIT         ?PR?SYSTEM_INIT?MAIN
            CODE    0046H     000EH     UNIT         ?PR?_DELAY_US?MAIN
            CODE    0054H     000CH     UNIT         ?C_C51STARTUP
            CODE    0060H     0008H     UNIT         ?PR?_PUTCHAR?MAIN



OVERLAY MAP OF MODULE:   .\Objects\test (?C_STARTUP)


SEGMENT
  +--> CALLED SEGMENT
---------------------
?C_C51STARTUP
  +--> ?PR?MAIN?MAIN

?PR?MAIN?MAIN
  +--> ?PR?SYSTEM_INIT?MAIN
  +--> ?PR?_DELAY_MS?MAIN

?PR?_DELAY_MS?MAIN
  +--> ?PR?_DELAY_US?MAIN



SYMBOL TABLE OF MODULE:  .\Objects\test (?C_STARTUP)

  VALUE           TYPE          NAME
  ----------------------------------

  -------         MODULE        ?C_STARTUP
BL51 BANKED LINKER/LOCATER V6.22                                                      03/17/2025  20:18:02  PAGE 2


  C:0054H         SEGMENT       ?C_C51STARTUP
  I:0008H         SEGMENT       ?STACK
  C:0000H         PUBLIC        ?C_STARTUP
  D:00E0H         SYMBOL        ACC
  D:00F0H         SYMBOL        B
  D:0083H         SYMBOL        DPH
  D:0082H         SYMBOL        DPL
  N:0000H         SYMBOL        IBPSTACK
  N:0100H         SYMBOL        IBPSTACKTOP
  N:0080H         SYMBOL        IDATALEN
  C:0057H         SYMBOL        IDATALOOP
  N:0000H         SYMBOL        PBPSTACK
  N:0100H         SYMBOL        PBPSTACKTOP
  N:0000H         SYMBOL        PDATALEN
  N:0000H         SYMBOL        PDATASTART
  N:0000H         SYMBOL        PPAGE
  N:0000H         SYMBOL        PPAGEENABLE
  D:00A0H         SYMBOL        PPAGE_SFR
  D:0081H         SYMBOL        SP
  C:0054H         SYMBOL        STARTUP1
  N:0000H         SYMBOL        XBPSTACK
  N:0000H         SYMBOL        XBPSTACKTOP
  N:0000H         SYMBOL        XDATALEN
  N:0000H         SYMBOL        XDATASTART
  C:0000H         LINE#         126
  C:0054H         LINE#         133
  C:0056H         LINE#         134
  C:0057H         LINE#         135
  C:0058H         LINE#         136
  C:005AH         LINE#         185
  C:005DH         LINE#         196
  -------         ENDMOD        ?C_STARTUP

  -------         MODULE        MAIN
  C:0000H         SYMBOL        _ICE_DUMMY_
  C:0034H         PUBLIC        System_Init
  D:0080H         PUBLIC        P0
  D:00B2H         PUBLIC        P3M0
  D:0090H         PUBLIC        P1
  D:00B1H         PUBLIC        P3M1
  D:00A0H         PUBLIC        P2
  D:00CAH         PUBLIC        P5M0
  D:00B0H         PUBLIC        P3
  D:00C9H         PUBLIC        P5M1
  D:00C0H         PUBLIC        P4
  D:00C8H         PUBLIC        P5
  D:00E8H         PUBLIC        P6
  B:00A8H.7       PUBLIC        EA
  D:00F8H         PUBLIC        P7
  D:00BAH         PUBLIC        P_SW2
  D:00A8H         PUBLIC        IE
  D:00B8H         PUBLIC        IP
  B:0098H.1       PUBLIC        TI
  D:00D8H         PUBLIC        CCON
  C:0003H         PUBLIC        main
  D:0099H         PUBLIC        SBUF
  C:001CH         PUBLIC        _Delay_ms
BL51 BANKED LINKER/LOCATER V6.22                                                      03/17/2025  20:18:02  PAGE 3


  D:0098H         PUBLIC        SCON
  D:0088H         PUBLIC        TCON
  B:00C8H.4       PUBLIC        P54
  B:00C8H.5       PUBLIC        P55
  C:0046H         PUBLIC        _Delay_us
  D:00D0H         PUBLIC        PSW
  C:0060H         PUBLIC        _putchar
  -------         PROC          _PUTCHAR
  D:0007H         SYMBOL        ch
  C:0060H         LINE#         5
  C:0060H         LINE#         6
  C:0060H         LINE#         7
  C:0062H         LINE#         8
  C:0065H         LINE#         9
  C:0067H         LINE#         10
  C:0067H         LINE#         11
  -------         ENDPROC       _PUTCHAR
  -------         PROC          _DELAY_US
  D:0006H         SYMBOL        us
  C:0046H         LINE#         13
  C:0046H         LINE#         14
  C:0046H         LINE#         15
  C:0050H         LINE#         16
  C:0050H         LINE#         17
  C:0051H         LINE#         18
  C:0053H         LINE#         19
  -------         ENDPROC       _DELAY_US
  -------         PROC          _DELAY_MS
  D:0002H         SYMBOL        ms
  C:001CH         LINE#         21
  C:0020H         LINE#         22
  C:0020H         LINE#         23
  C:002AH         LINE#         24
  C:002AH         LINE#         25
  C:0031H         LINE#         26
  C:0033H         LINE#         27
  -------         ENDPROC       _DELAY_MS
  -------         PROC          SYSTEM_INIT
  C:0034H         LINE#         29
  C:0034H         LINE#         30
  C:0034H         LINE#         32
  C:0039H         LINE#         52
  C:003CH         LINE#         53
  C:003FH         LINE#         56
  C:0042H         LINE#         57
  C:0045H         LINE#         58
  -------         ENDPROC       SYSTEM_INIT
  -------         PROC          MAIN
  C:0003H         LINE#         60
  C:0003H         LINE#         61
  C:0003H         LINE#         62
  C:0006H         LINE#         64
  C:0009H         LINE#         67
  C:000BH         LINE#         68
  C:000DH         LINE#         69
  C:000FH         LINE#         70
  C:000FH         LINE#         71
BL51 BANKED LINKER/LOCATER V6.22                                                      03/17/2025  20:18:02  PAGE 4


  C:000FH         LINE#         72
  C:0011H         LINE#         73
  C:0013H         LINE#         74
  C:001AH         LINE#         76
  -------         ENDPROC       MAIN
  -------         ENDMOD        MAIN

Program Size: data=9.0 xdata=0 code=104
LINK/LOCATE RUN COMPLETE.  0 WARNING(S),  0 ERROR(S)
